AA
AA
B
AA
B
C
AA
B
C
D
AA
B
C
D
E
AA
B
C
D
E
F
AA
B
C
D
E
F
G
AA
B
C
D
E
F
G
H
AA
B
C
D
E
F
G
H
I
AA
B
C
D
E
F
G
H
I
J
AA
B
C
D
E
F
G
H
I
J
K
AA
B
C
D
E
F
G
H
I
J
K
L
AA
B
C
D
E
F
G
H
I
J
K
L
M
AA
B
C
D
E
F
G
H
I
J
K
L
M
N
AA
B
C
D
E
F
G
H
I
J
K
L
M
N
O
AA
B
C
D
E
F
G
H
I
J
K
L
M
N
O
P
AA
B
C
D
E
F
G
H
I
J
K
L
M
N
O
P
Q
AA
B
C
D
E
F
G
H
I
J
K
L
M
N
O
P
Q
R
AA
B
C
D
E
F
G
H
I
J
K
L
M
N
O
P
Q
R
S
AA
B
C
D
E
F
G
H
I
J
K
L
M
N
O
P
Q
R
S
T
AA
B
C
D
E
F
G
H
I
J
K
L
M
N
O
P
Q
R
S
T
U
AA
B
C
D
E
F
G
H
I
J
K
L
M
N
O
P
Q
R
S
T
U
V
AA
B
C
D
E
F
G
H
I
J
K
L
M
N
O
P
Q
R
S
T
U
V
W
AA
B
C
D
E
F
G
H
I
J
K
L
M
N
O
P
Q
R
S
T
U
V
W
X
AA
B
C
D
E
F
G
H
I
J
K
L
M
N
O
P
Q
R
S
T
U
V
W
X
Y
AA
B
C
D
E
F
G
H
I
J
K
L
M
N
O
P
Q
R
S
T
U
V
W
X
Y
Z
ABA
ABA
B
ABA
B
C
ABA
B
C
D
ABA
B
C
D
E
ABA
B
C
D
E
F
ABA
B
C
D
E
F
G
ABA
B
C
D
E
F
G
H
ABA
B
C
D
E
F
G
H
I
ABA
B
C
D
E
F
G
H
I
J
ABA
B
C
D
E
F
G
H
I
J
K
ABA
B
C
D
E
F
G
H
I
J
K
L
ABA
B
C
D
E
F
G
H
I
J
K
L
M
ABA
B
C
D
E
F
G
H
I
J
K
L
M
N
ABA
B
C
D
E
F
G
H
I
J
K
L
M
N
O
ABA
B
C
D
E
F
G
H
I
J
K
L
M
N
O
P
ABA
B
C
D
E
F
G
H
I
J
K
L
M
N
O
P
Q
ABA
B
C
D
E
F
G
H
I
J
K
L
M
N
O
P
Q
R
ABA
B
C
D
E
F
G
H
I
J
K
L
M
N
O
P
Q
R
S
ABA
B
C
D
E
F
G
H
I
J
K
L
M
N
O
P
Q
R
S
T
ABA
B
C
D
E
F
G
H
I
J
K
L
M
N
O
P
Q
R
S
T
U
ABA
B
C
D
E
F
G
H
I
J
K
L
M
N
O
P
Q
R
S
T
U
V
ABA
B
C
D
E
F
G
H
I
J
K
L
M
N
O
P
Q
R
S
T
U
V
W
ABA
B
C
D
E
F
G
H
I
J
K
L
M
N
O
P
Q
R
S
T
U
V
W
X
ABA
B
C
D
E
F
G
H
I
J
K
L
M
N
O
P
Q
R
S
T
U
V
W
X
Y
ABA
B
C
D
E
F
G
H
I
J
K
L
M
N
O
P
Q
R
S
T
U
V
W
X
Y
Z
ABCA
ABCA
B
ABCA
B
C
ABCA
B
C
D
ABCA
B
C
D
E
ABCA
B
C
D
E
F
ABCA
B
C
D
E
F
G
ABCA
B
C
D
E
F
G
H
ABCA
B
C
D
E
F
G
H
I
ABCA
B
C
D
E
F
G
H
I
J
ABCA
B
C
D
E
F
G
H
I
J
K
ABCA
B
C
D
E
F
G
H
I
J
K
L
ABCA
B
C
D
E
F
G
H
I
J
K
L
M
ABCA
B
C
D
E
F
G
H
I
J
K
L
M
N
ABCA
B
C
D
E
F
G
H
I
J
K
L
M
N
O
ABCA
B
C
D
E
F
G
H
I
J
K
L
M
N
O
P
ABCA
B
C
D
E
F
G
H
I
J
K
L
M
N
O
P
Q
ABCA
B
C
D
E
F
G
H
I
J
K
L
M
N
O
P
Q
R
ABCA
B
C
D
E
F
G
H
I
J
K
L
M
N
O
P
Q
R
S
ABCA
B
C
D
E
F
G
H
I
J
K
L
M
N
O
P
Q
R
S
T
ABCA
B
C
D
E
F
G
H
I
J
K
L
M
N
O
P
Q
R
S
T
U
ABCA
B
C
D
E
F
G
H
I
J
K
L
M
N
O
P
Q
R
S
T
U
V
ABCA
B
C
D
E
F
G
H
I
J
K
L
M
N
O
P
Q
R
S
T
U
V
W
ABCA
B
C
D
E
F
G
H
I
J
K
L
M
N
O
P
Q
R
S
T
U
V
W
X
ABCA
B
C
D
E
F
G
H
I
J
K
L
M
N
O
P
Q
R
S
T
U
V
W
X
Y
ABCA
B
C
D
E
F
G
H
I
J
K
L
M
N
O
P
Q
R
S
T
U
V
W
X
Y
Z
ABCDA
ABCDA
B
ABCDA
B
C
ABCDA
B
C
D
ABCDA
B
C
D
E
ABCDA
B
C
D
E
F
ABCDA
B
C
D
E
F
G
ABCDA
B
C
D
E
F
G
H
ABCDA
B
C
D
E
F
G
H
I
ABCDA
B
C
D
E
F
G
H
I
J
ABCDA
B
C
D
E
F
G
H
I
J
K
ABCDA
B
C
D
E
F
G
H
I
J
K
L
ABCDA
B
C
D
E
F
G
H
I
J
K
L
M
ABCDA
B
C
D
E
F
G
H
I
J
K
L
M
N
ABCDA
B
C
D
E
F
G
H
I
J
K
L
M
N
O
ABCDA
B
C
D
E
F
G
H
I
J
K
L
M
N
O
P
ABCDA
B
C
D
E
F
G
H
I
J
K
L
M
N
O
P
Q
ABCDA
B
C
D
E
F
G
H
I
J
K
L
M
N
O
P
Q
R
ABCDA
B
C
D
E
F
G
H
I
J
K
L
M
N
O
P
Q
R
S
ABCDA
B
C
D
E
F
G
H
I
J
K
L
M
N
O
P
Q
R
S
T
ABCDA
B
C
D
E
F
G
H
I
J
K
L
M
N
O
P
Q
R
S
T
U
ABCDA
B
C
D
E
F
G
H
I
J
K
L
M
N
O
P
Q
R
S
T
U
V
ABCDA
B
C
D
E
F
G
H
I
J
K
L
M
N
O
P
Q
R
S
T
U
V
W
ABCDA
B
C
D
E
F
G
H
I
J
K
L
M
N
O
P
Q
R
S
T
U
V
W
X
ABCDA
B
C
D
E
F
G
H
I
J
K
L
M
N
O
P
Q
R
S
T
U
V
W
X
Y
ABCDA
B
C
D
E
F
G
H
I
J
K
L
M
N
O
P
Q
R
S
T
U
V
W
X
Y
Z
ABCDEA
ABCDEA
B
ABCDEA
B
C
ABCDEA
B
C
D
ABCDEA
B
C
D
E
ABCDEA
B
C
D
E
F
ABCDEA
B
C
D
E
F
G
ABCDEA
B
C
D
E
F
G
H
ABCDEA
B
C
D
E
F
G
H
I
ABCDEA
B
C
D
E
F
G
H
I
J
ABCDEA
B
C
D
E
F
G
H
I
J
K
ABCDEA
B
C
D
E
F
G
H
I
J
K
L
ABCDEA
B
C
D
E
F
G
H
I
J
K
L
M
ABCDEA
B
C
D
E
F
G
H
I
J
K
L
M
N
ABCDEA
B
C
D
E
F
G
H
I
J
K
L
M
N
O
ABCDEA
B
C
D
E
F
G
H
I
J
K
L
M
N
O
P
ABCDEA
B
C
D
E
F
G
H
I
J
K
L
M
N
O
P
Q
ABCDEA
B
C
D
E
F
G
H
I
J
K
L
M
N
O
P
Q
R
ABCDEA
B
C
D
E
F
G
H
I
J
K
L
M
N
O
P
Q
R
S
ABCDEA
B
C
D
E
F
G
H
I
J
K
L
M
N
O
P
Q
R
S
T
ABCDEA
B
C
D
E
F
G
H
I
J
K
L
M
N
O
P
Q
R
S
T
U
ABCDEA
B
C
D
E
F
G
H
I
J
K
L
M
N
O
P
Q
R
S
T
U
V
ABCDEA
B
C
D
E
F
G
H
I
J
K
L
M
N
O
P
Q
R
S
T
U
V
W
ABCDEA
B
C
D
E
F
G
H
I
J
K
L
M
N
O
P
Q
R
S
T
U
V
W
X
ABCDEA
B
C
D
E
F
G
H
I
J
K
L
M
N
O
P
Q
R
S
T
U
V
W
X
Y
ABCDEA
B
C
D
E
F
G
H
I
J
K
L
M
N
O
P
Q
R
S
T
U
V
W
X
Y
Z
ABCDEFA
ABCDEFA
B
ABCDEFA
B
C
ABCDEFA
B
C
D
ABCDEFA
B
C
D
E
ABCDEFA
B
C
D
E
F
ABCDEFA
B
C
D
E
F
G
ABCDEFA
B
C
D
E
F
G
H
ABCDEFA
B
C
D
E
F
G
H
I
ABCDEFA
B
C
D
E
F
G
H
I
J
ABCDEFA
B
C
D
E
F
G
H
I
J
K
ABCDEFA
B
C
D
E
F
G
H
I
J
K
L
ABCDEFA
B
C
D
E
F
G
H
I
J
K
L
M
ABCDEFA
B
C
D
E
F
G
H
I
J
K
L
M
N
ABCDEFA
B
C
D
E
F
G
H
I
J
K
L
M
N
O
ABCDEFA
B
C
D
E
F
G
H
I
J
K
L
M
N
O
P
ABCDEFA
B
C
D
E
F
G
H
I
J
K
L
M
N
O
P
Q
ABCDEFA
B
C
D
E
F
G
H
I
J
K
L
M
N
O
P
Q
R
ABCDEFA
B
C
D
E
F
G
H
I
J
K
L
M
N
O
P
Q
R
S
ABCDEFA
B
C
D
E
F
G
H
I
J
K
L
M
N
O
P
Q
R
S
T
ABCDEFA
B
C
D
E
F
G
H
I
J
K
L
M
N
O
P
Q
R
S
T
U
ABCDEFA
B
C
D
E
F
G
H
I
J
K
L
M
N
O
P
Q
R
S
T
U
V
ABCDEFA
B
C
D
E
F
G
H
I
J
K
L
M
N
O
P
Q
R
S
T
U
V
W
ABCDEFA
B
C
D
E
F
G
H
I
J
K
L
M
N
O
P
Q
R
S
T
U
V
W
X
ABCDEFA
B
C
D
E
F
G
H
I
J
K
L
M
N
O
P
Q
R
S
T
U
V
W
X
Y
ABCDEFA
B
C
D
E
F
G
H
I
J
K
L
M
N
O
P
Q
R
S
T
U
V
W
X
Y
Z
ABCDEFGA
ABCDEFGA
B
ABCDEFGA
B
C
ABCDEFGA
B
C
D
ABCDEFGA
B
C
D
E
ABCDEFGA
B
C
D
E
F
ABCDEFGA
B
C
D
E
F
G
ABCDEFGA
B
C
D
E
F
G
H
ABCDEFGA
B
C
D
E
F
G
H
I
ABCDEFGA
B
C
D
E
F
G
H
I
J
ABCDEFGA
B
C
D
E
F
G
H
I
J
K
ABCDEFGA
B
C
D
E
F
G
H
I
J
K
L
ABCDEFGA
B
C
D
E
F
G
H
I
J
K
L
M
ABCDEFGA
B
C
D
E
F
G
H
I
J
K
L
M
N
ABCDEFGA
B
C
D
E
F
G
H
I
J
K
L
M
N
O
ABCDEFGA
B
C
D
E
F
G
H
I
J
K
L
M
N
O
P
ABCDEFGA
B
C
D
E
F
G
H
I
J
K
L
M
N
O
P
Q
ABCDEFGA
B
C
D
E
F
G
H
I
J
K
L
M
N
O
P
Q
R
ABCDEFGA
B
C
D
E
F
G
H
I
J
K
L
M
N
O
P
Q
R
S
ABCDEFGA
B
C
D
E
F
G
H
I
J
K
L
M
N
O
P
Q
R
S
T
ABCDEFGA
B
C
D
E
F
G
H
I
J
K
L
M
N
O
P
Q
R
S
T
U
ABCDEFGA
B
C
D
E
F
G
H
I
J
K
L
M
N
O
P
Q
R
S
T
U
V
ABCDEFGA
B
C
D
E
F
G
H
I
J
K
L
M
N
O
P
Q
R
S
T
U
V
W
ABCDEFGA
B
C
D
E
F
G
H
I
J
K
L
M
N
O
P
Q
R
S
T
U
V
W
X
ABCDEFGA
B
C
D
E
F
G
H
I
J
K
L
M
N
O
P
Q
R
S
T
U
V
W
X
Y
ABCDEFGA
B
C
D
E
F
G
H
I
J
K
L
M
N
O
P
Q
R
S
T
U
V
W
X
Y
Z
ABCDEFGHA
ABCDEFGHA
B
ABCDEFGHA
B
C
ABCDEFGHA
B
C
D
ABCDEFGHA
B
C
D
E
ABCDEFGHA
B
C
D
E
F
ABCDEFGHA
B
C
D
E
F
G
ABCDEFGHA
B
C
D
E
F
G
H
ABCDEFGHA
B
C
D
E
F
G
H
I
ABCDEFGHA
B
C
D
E
F
G
H
I
J
ABCDEFGHA
B
C
D
E
F
G
H
I
J
K
ABCDEFGHA
B
C
D
E
F
G
H
I
J
K
L
ABCDEFGHA
B
C
D
E
F
G
H
I
J
K
L
M
ABCDEFGHA
B
C
D
E
F
G
H
I
J
K
L
M
N
ABCDEFGHA
B
C
D
E
F
G
H
I
J
K
L
M
N
O
ABCDEFGHA
B
C
D
E
F
G
H
I
J
K
L
M
N
O
P
ABCDEFGHA
B
C
D
E
F
G
H
I
J
K
L
M
N
O
P
Q
ABCDEFGHA
B
C
D
E
F
G
H
I
J
K
L
M
N
O
P
Q
R
ABCDEFGHA
B
C
D
E
F
G
H
I
J
K
L
M
N
O
P
Q
R
S
ABCDEFGHA
B
C
D
E
F
G
H
I
J
K
L
M
N
O
P
Q
R
S
T
ABCDEFGHA
B
C
D
E
F
G
H
I
J
K
L
M
N
O
P
Q
R
S
T
U
ABCDEFGHA
B
C
D
E
F
G
H
I
J
K
L
M
N
O
P
Q
R
S
T
U
V
ABCDEFGHA
B
C
D
E
F
G
H
I
J
K
L
M
N
O
P
Q
R
S
T
U
V
W
ABCDEFGHA
B
C
D
E
F
G
H
I
J
K
L
M
N
O
P
Q
R
S
T
U
V
W
X
ABCDEFGHA
B
C
D
E
F
G
H
I
J
K
L
M
N
O
P
Q
R
S
T
U
V
W
X
Y
ABCDEFGHA
B
C
D
E
F
G
H
I
J
K
L
M
N
O
P
Q
R
S
T
U
V
W
X
Y
Z
ABCDEFGHIA
ABCDEFGHIA
B
ABCDEFGHIA
B
C
ABCDEFGHIA
B
C
D
ABCDEFGHIA
B
C
D
E
ABCDEFGHIA
B
C
D
E
F
ABCDEFGHIA
B
C
D
E
F
G
ABCDEFGHIA
B
C
D
E
F
G
H
ABCDEFGHIA
B
C
D
E
F
G
H
I
ABCDEFGHIA
B
C
D
E
F
G
H
I
J
ABCDEFGHIA
B
C
D
E
F
G
H
I
J
K
ABCDEFGHIA
B
C
D
E
F
G
H
I
J
K
L
ABCDEFGHIA
B
C
D
E
F
G
H
I
J
K
L
M
ABCDEFGHIA
B
C
D
E
F
G
H
I
J
K
L
M
N
ABCDEFGHIA
B
C
D
E
F
G
H
I
J
K
L
M
N
O
ABCDEFGHIA
B
C
D
E
F
G
H
I
J
K
L
M
N
O
P
ABCDEFGHIA
B
C
D
E
F
G
H
I
J
K
L
M
N
O
P
Q
ABCDEFGHIA
B
C
D
E
F
G
H
I
J
K
L
M
N
O
P
Q
R
ABCDEFGHIA
B
C
D
E
F
G
H
I
J
K
L
M
N
O
P
Q
R
S
ABCDEFGHIA
B
C
D
E
F
G
H
I
J
K
L
M
N
O
P
Q
R
S
T
ABCDEFGHIA
B
C
D
E
F
G
H
I
J
K
L
M
N
O
P
Q
R
S
T
U
ABCDEFGHIA
B
C
D
E
F
G
H
I
J
K
L
M
N
O
P
Q
R
S
T
U
V
ABCDEFGHIA
B
C
D
E
F
G
H
I
J
K
L
M
N
O
P
Q
R
S
T
U
V
W
ABCDEFGHIA
B
C
D
E
F
G
H
I
J
K
L
M
N
O
P
Q
R
S
T
U
V
W
X
ABCDEFGHIA
B
C
D
E
F
G
H
I
J
K
L
M
N
O
P
Q
R
S
T
U
V
W
X
Y
ABCDEFGHIA
B
C
D
E
F
G
H
I
J
K
L
M
N
O
P
Q
R
S
T
U
V
W
X
Y
Z
ABCDEFGHIJA
ABCDEFGHIJA
B
ABCDEFGHIJA
B
C
ABCDEFGHIJA
B
C
D
ABCDEFGHIJA
B
C
D
E
ABCDEFGHIJA
B
C
D
E
F
ABCDEFGHIJA
B
C
D
E
F
G
ABCDEFGHIJA
B
C
D
E
F
G
H
ABCDEFGHIJA
B
C
D
E
F
G
H
I
ABCDEFGHIJA
B
C
D
E
F
G
H
I
J
ABCDEFGHIJA
B
C
D
E
F
G
H
I
J
K
ABCDEFGHIJA
B
C
D
E
F
G
H
I
J
K
L
ABCDEFGHIJA
B
C
D
E
F
G
H
I
J
K
L
M
ABCDEFGHIJA
B
C
D
E
F
G
H
I
J
K
L
M
N
ABCDEFGHIJA
B
C
D
E
F
G
H
I
J
K
L
M
N
O
ABCDEFGHIJA
B
C
D
E
F
G
H
I
J
K
L
M
N
O
P
ABCDEFGHIJA
B
C
D
E
F
G
H
I
J
K
L
M
N
O
P
Q
ABCDEFGHIJA
B
C
D
E
F
G
H
I
J
K
L
M
N
O
P
Q
R
ABCDEFGHIJA
B
C
D
E
F
G
H
I
J
K
L
M
N
O
P
Q
R
S
ABCDEFGHIJA
B
C
D
E
F
G
H
I
J
K
L
M
N
O
P
Q
R
S
T
ABCDEFGHIJA
B
C
D
E
F
G
H
I
J
K
L
M
N
O
P
Q
R
S
T
U
ABCDEFGHIJA
B
C
D
E
F
G
H
I
J
K
L
M
N
O
P
Q
R
S
T
U
V
ABCDEFGHIJA
B
C
D
E
F
G
H
I
J
K
L
M
N
O
P
Q
R
S
T
U
V
W
ABCDEFGHIJA
B
C
D
E
F
G
H
I
J
K
L
M
N
O
P
Q
R
S
T
U
V
W
X
ABCDEFGHIJA
B
C
D
E
F
G
H
I
J
K
L
M
N
O
P
Q
R
S
T
U
V
W
X
Y
ABCDEFGHIJA
B
C
D
E
F
G
H
I
J
K
L
M
N
O
P
Q
R
S
T
U
V
W
X
Y
Z
ABCDEFGHIJKA
ABCDEFGHIJKA
B
ABCDEFGHIJKA
B
C
ABCDEFGHIJKA
B
C
D
ABCDEFGHIJKA
B
C
D
E
ABCDEFGHIJKA
B
C
D
E
F
ABCDEFGHIJKA
B
C
D
E
F
G
ABCDEFGHIJKA
B
C
D
E
F
G
H
ABCDEFGHIJKA
B
C
D
E
F
G
H
I
ABCDEFGHIJKA
B
C
D
E
F
G
H
I
J
ABCDEFGHIJKA
B
C
D
E
F
G
H
I
J
K
ABCDEFGHIJKA
B
C
D
E
F
G
H
I
J
K
L
ABCDEFGHIJKA
B
C
D
E
F
G
H
I
J
K
L
M
ABCDEFGHIJKA
B
C
D
E
F
G
H
I
J
K
L
M
N
ABCDEFGHIJKA
B
C
D
E
F
G
H
I
J
K
L
M
N
O
ABCDEFGHIJKA
B
C
D
E
F
G
H
I
J
K
L
M
N
O
P
ABCDEFGHIJKA
B
C
D
E
F
G
H
I
J
K
L
M
N
O
P
Q
ABCDEFGHIJKA
B
C
D
E
F
G
H
I
J
K
L
M
N
O
P
Q
R
ABCDEFGHIJKA
B
C
D
E
F
G
H
I
J
K
L
M
N
O
P
Q
R
S
ABCDEFGHIJKA
B
C
D
E
F
G
H
I
J
K
L
M
N
O
P
Q
R
S
T
ABCDEFGHIJKA
B
C
D
E
F
G
H
I
J
K
L
M
N
O
P
Q
R
S
T
U
ABCDEFGHIJKA
B
C
D
E
F
G
H
I
J
K
L
M
N
O
P
Q
R
S
T
U
V
ABCDEFGHIJKA
B
C
D
E
F
G
H
I
J
K
L
M
N
O
P
Q
R
S
T
U
V
W
ABCDEFGHIJKA
B
C
D
E
F
G
H
I
J
K
L
M
N
O
P
Q
R
S
T
U
V
W
X
ABCDEFGHIJKA
B
C
D
E
F
G
H
I
J
K
L
M
N
O
P
Q
R
S
T
U
V
W
X
Y
ABCDEFGHIJKA
B
C
D
E
F
G
H
I
J
K
L
M
N
O
P
Q
R
S
T
U
V
W
X
Y
Z
ABCDEFGHIJKLA
ABCDEFGHIJKLA
B
ABCDEFGHIJKLA
B
C
ABCDEFGHIJKLA
B
C
D
ABCDEFGHIJKLA
B
C
D
E
ABCDEFGHIJKLA
B
C
D
E
F
ABCDEFGHIJKLA
B
C
D
E
F
G
ABCDEFGHIJKLA
B
C
D
E
F
G
H
ABCDEFGHIJKLA
B
C
D
E
F
G
H
I
ABCDEFGHIJKLA
B
C
D
E
F
G
H
I
J
ABCDEFGHIJKLA
B
C
D
E
F
G
H
I
J
K
ABCDEFGHIJKLA
B
C
D
E
F
G
H
I
J
K
L
ABCDEFGHIJKLA
B
C
D
E
F
G
H
I
J
K
L
M
ABCDEFGHIJKLA
B
C
D
E
F
G
H
I
J
K
L
M
N
ABCDEFGHIJKLA
B
C
D
E
F
G
H
I
J
K
L
M
N
O
ABCDEFGHIJKLA
B
C
D
E
F
G
H
I
J
K
L
M
N
O
P
ABCDEFGHIJKLA
B
C
D
E
F
G
H
I
J
K
L
M
N
O
P
Q
ABCDEFGHIJKLA
B
C
D
E
F
G
H
I
J
K
L
M
N
O
P
Q
R
ABCDEFGHIJKLA
B
C
D
E
F
G
H
I
J
K
L
M
N
O
P
Q
R
S
ABCDEFGHIJKLA
B
C
D
E
F
G
H
I
J
K
L
M
N
O
P
Q
R
S
T
ABCDEFGHIJKLA
B
C
D
E
F
G
H
I
J
K
L
M
N
O
P
Q
R
S
T
U
ABCDEFGHIJKLA
B
C
D
E
F
G
H
I
J
K
L
M
N
O
P
Q
R
S
T
U
V
ABCDEFGHIJKLA
B
C
D
E
F
G
H
I
J
K
L
M
N
O
P
Q
R
S
T
U
V
W
ABCDEFGHIJKLA
B
C
D
E
F
G
H
I
J
K
L
M
N
O
P
Q
R
S
T
U
V
W
X
ABCDEFGHIJKLA
B
C
D
E
F
G
H
I
J
K
L
M
N
O
P
Q
R
S
T
U
V
W
X
Y
ABCDEFGHIJKLA
B
C
D
E
F
G
H
I
J
K
L
M
N
O
P
Q
R
S
T
U
V
W
X
Y
Z
ABCDEFGHIJKLMA
ABCDEFGHIJKLMA
B
ABCDEFGHIJKLMA
B
C
ABCDEFGHIJKLMA
B
C
D
ABCDEFGHIJKLMA
B
C
D
E
ABCDEFGHIJKLMA
B
C
D
E
F
ABCDEFGHIJKLMA
B
C
D
E
F
G
ABCDEFGHIJKLMA
B
C
D
E
F
G
H
ABCDEFGHIJKLMA
B
C
D
E
F
G
H
I
ABCDEFGHIJKLMA
B
C
D
E
F
G
H
I
J
ABCDEFGHIJKLMA
B
C
D
E
F
G
H
I
J
K
ABCDEFGHIJKLMA
B
C
D
E
F
G
H
I
J
K
L
ABCDEFGHIJKLMA
B
C
D
E
F
G
H
I
J
K
L
M
ABCDEFGHIJKLMA
B
C
D
E
F
G
H
I
J
K
L
M
N
ABCDEFGHIJKLMA
B
C
D
E
F
G
H
I
J
K
L
M
N
O
ABCDEFGHIJKLMA
B
C
D
E
F
G
H
I
J
K
L
M
N
O
P
ABCDEFGHIJKLMA
B
C
D
E
F
G
H
I
J
K
L
M
N
O
P
Q
ABCDEFGHIJKLMA
B
C
D
E
F
G
H
I
J
K
L
M
N
O
P
Q
R
ABCDEFGHIJKLMA
B
C
D
E
F
G
H
I
J
K
L
M
N
O
P
Q
R
S
ABCDEFGHIJKLMA
B
C
D
E
F
G
H
I
J
K
L
M
N
O
P
Q
R
S
T
ABCDEFGHIJKLMA
B
C
D
E
F
G
H
I
J
K
L
M
N
O
P
Q
R
S
T
U
ABCDEFGHIJKLMA
B
C
D
E
F
G
H
I
J
K
L
M
N
O
P
Q
R
S
T
U
V
ABCDEFGHIJKLMA
B
C
D
E
F
G
H
I
J
K
L
M
N
O
P
Q
R
S
T
U
V
W
ABCDEFGHIJKLMA
B
C
D
E
F
G
H
I
J
K
L
M
N
O
P
Q
R
S
T
U
V
W
X
ABCDEFGHIJKLMA
B
C
D
E
F
G
H
I
J
K
L
M
N
O
P
Q
R
S
T
U
V
W
X
Y
ABCDEFGHIJKLMA
B
C
D
E
F
G
H
I
J
K
L
M
N
O
P
Q
R
S
T
U
V
W
X
Y
Z
ABCDEFGHIJKLMNA
ABCDEFGHIJKLMNA
B
ABCDEFGHIJKLMNA
B
C
ABCDEFGHIJKLMNA
B
C
D
ABCDEFGHIJKLMNA
B
C
D
E
ABCDEFGHIJKLMNA
B
C
D
E
F
ABCDEFGHIJKLMNA
B
C
D
E
F
G
ABCDEFGHIJKLMNA
B
C
D
E
F
G
H
ABCDEFGHIJKLMNA
B
C
D
E
F
G
H
I
ABCDEFGHIJKLMNA
B
C
D
E
F
G
H
I
J
ABCDEFGHIJKLMNA
B
C
D
E
F
G
H
I
J
K
ABCDEFGHIJKLMNA
B
C
D
E
F
G
H
I
J
K
L
ABCDEFGHIJKLMNA
B
C
D
E
F
G
H
I
J
K
L
M
ABCDEFGHIJKLMNA
B
C
D
E
F
G
H
I
J
K
L
M
N
ABCDEFGHIJKLMNA
B
C
D
E
F
G
H
I
J
K
L
M
N
O
ABCDEFGHIJKLMNA
B
C
D
E
F
G
H
I
J
K
L
M
N
O
P
ABCDEFGHIJKLMNA
B
C
D
E
F
G
H
I
J
K
L
M
N
O
P
Q
ABCDEFGHIJKLMNA
B
C
D
E
F
G
H
I
J
K
L
M
N
O
P
Q
R
ABCDEFGHIJKLMNA
B
C
D
E
F
G
H
I
J
K
L
M
N
O
P
Q
R
S
ABCDEFGHIJKLMNA
B
C
D
E
F
G
H
I
J
K
L
M
N
O
P
Q
R
S
T
ABCDEFGHIJKLMNA
B
C
D
E
F
G
H
I
J
K
L
M
N
O
P
Q
R
S
T
U
ABCDEFGHIJKLMNA
B
C
D
E
F
G
H
I
J
K
L
M
N
O
P
Q
R
S
T
U
V
ABCDEFGHIJKLMNA
B
C
D
E
F
G
H
I
J
K
L
M
N
O
P
Q
R
S
T
U
V
W
ABCDEFGHIJKLMNA
B
C
D
E
F
G
H
I
J
K
L
M
N
O
P
Q
R
S
T
U
V
W
X
ABCDEFGHIJKLMNA
B
C
D
E
F
G
H
I
J
K
L
M
N
O
P
Q
R
S
T
U
V
W
X
Y
ABCDEFGHIJKLMNA
B
C
D
E
F
G
H
I
J
K
L
M
N
O
P
Q
R
S
T
U
V
W
X
Y
Z
ABCDEFGHIJKLMNOA
ABCDEFGHIJKLMNOA
B
ABCDEFGHIJKLMNOA
B
C
ABCDEFGHIJKLMNOA
B
C
D
ABCDEFGHIJKLMNOA
B
C
D
E
ABCDEFGHIJKLMNOA
B
C
D
E
F
ABCDEFGHIJKLMNOA
B
C
D
E
F
G
ABCDEFGHIJKLMNOA
B
C
D
E
F
G
H
ABCDEFGHIJKLMNOA
B
C
D
E
F
G
H
I
ABCDEFGHIJKLMNOA
B
C
D
E
F
G
H
I
J
ABCDEFGHIJKLMNOA
B
C
D
E
F
G
H
I
J
K
ABCDEFGHIJKLMNOA
B
C
D
E
F
G
H
I
J
K
L
ABCDEFGHIJKLMNOA
B
C
D
E
F
G
H
I
J
K
L
M
ABCDEFGHIJKLMNOA
B
C
D
E
F
G
H
I
J
K
L
M
N
ABCDEFGHIJKLMNOA
B
C
D
E
F
G
H
I
J
K
L
M
N
O
ABCDEFGHIJKLMNOA
B
C
D
E
F
G
H
I
J
K
L
M
N
O
P
ABCDEFGHIJKLMNOA
B
C
D
E
F
G
H
I
J
K
L
M
N
O
P
Q
ABCDEFGHIJKLMNOA
B
C
D
E
F
G
H
I
J
K
L
M
N
O
P
Q
R
ABCDEFGHIJKLMNOA
B
C
D
E
F
G
H
I
J
K
L
M
N
O
P
Q
R
S
ABCDEFGHIJKLMNOA
B
C
D
E
F
G
H
I
J
K
L
M
N
O
P
Q
R
S
T
ABCDEFGHIJKLMNOA
B
C
D
E
F
G
H
I
J
K
L
M
N
O
P
Q
R
S
T
U
ABCDEFGHIJKLMNOA
B
C
D
E
F
G
H
I
J
K
L
M
N
O
P
Q
R
S
T
U
V
ABCDEFGHIJKLMNOA
B
C
D
E
F
G
H
I
J
K
L
M
N
O
P
Q
R
S
T
U
V
W
ABCDEFGHIJKLMNOA
B
C
D
E
F
G
H
I
J
K
L
M
N
O
P
Q
R
S
T
U
V
W
X
ABCDEFGHIJKLMNOA
B
C
D
E
F
G
H
I
J
K
L
M
N
O
P
Q
R
S
T
U
V
W
X
Y
ABCDEFGHIJKLMNOA
B
C
D
E
F
G
H
I
J
K
L
M
N
O
P
Q
R
S
T
U
V
W
X
Y
Z
ABCDEFGHIJKLMNOPA
ABCDEFGHIJKLMNOPA
B
ABCDEFGHIJKLMNOPA
B
C
ABCDEFGHIJKLMNOPA
B
C
D
ABCDEFGHIJKLMNOPA
B
C
D
E
ABCDEFGHIJKLMNOPA
B
C
D
E
F
ABCDEFGHIJKLMNOPA
B
C
D
E
F
G
ABCDEFGHIJKLMNOPA
B
C
D
E
F
G
H
ABCDEFGHIJKLMNOPA
B
C
D
E
F
G
H
I
ABCDEFGHIJKLMNOPA
B
C
D
E
F
G
H
I
J
ABCDEFGHIJKLMNOPA
B
C
D
E
F
G
H
I
J
K
ABCDEFGHIJKLMNOPA
B
C
D
E
F
G
H
I
J
K
L
ABCDEFGHIJKLMNOPA
B
C
D
E
F
G
H
I
J
K
L
M
ABCDEFGHIJKLMNOPA
B
C
D
E
F
G
H
I
J
K
L
M
N
ABCDEFGHIJKLMNOPA
B
C
D
E
F
G
H
I
J
K
L
M
N
O
ABCDEFGHIJKLMNOPA
B
C
D
E
F
G
H
I
J
K
L
M
N
O
P
ABCDEFGHIJKLMNOPA
B
C
D
E
F
G
H
I
J
K
L
M
N
O
P
Q
ABCDEFGHIJKLMNOPA
B
C
D
E
F
G
H
I
J
K
L
M
N
O
P
Q
R
ABCDEFGHIJKLMNOPA
B
C
D
E
F
G
H
I
J
K
L
M
N
O
P
Q
R
S
ABCDEFGHIJKLMNOPA
B
C
D
E
F
G
H
I
J
K
L
M
N
O
P
Q
R
S
T
ABCDEFGHIJKLMNOPA
B
C
D
E
F
G
H
I
J
K
L
M
N
O
P
Q
R
S
T
U
ABCDEFGHIJKLMNOPA
B
C
D
E
F
G
H
I
J
K
L
M
N
O
P
Q
R
S
T
U
V
ABCDEFGHIJKLMNOPA
B
C
D
E
F
G
H
I
J
K
L
M
N
O
P
Q
R
S
T
U
V
W
ABCDEFGHIJKLMNOPA
B
C
D
E
F
G
H
I
J
K
L
M
N
O
P
Q
R
S
T
U
V
W
X
ABCDEFGHIJKLMNOPA
B
C
D
E
F
G
H
I
J
K
L
M
N
O
P
Q
R
S
T
U
V
W
X
Y
ABCDEFGHIJKLMNOPA
B
C
D
E
F
G
H
I
J
K
L
M
N
O
P
Q
R
S
T
U
V
W
X
Y
Z
ABCDEFGHIJKLMNOPQA
ABCDEFGHIJKLMNOPQA
B
ABCDEFGHIJKLMNOPQA
B
C
ABCDEFGHIJKLMNOPQA
B
C
D
ABCDEFGHIJKLMNOPQA
B
C
D
E
ABCDEFGHIJKLMNOPQA
B
C
D
E
F
ABCDEFGHIJKLMNOPQA
B
C
D
E
F
G
ABCDEFGHIJKLMNOPQA
B
C
D
E
F
G
H
ABCDEFGHIJKLMNOPQA
B
C
D
E
F
G
H
I
ABCDEFGHIJKLMNOPQA
B
C
D
E
F
G
H
I
J
ABCDEFGHIJKLMNOPQA
B
C
D
E
F
G
H
I
J
K
ABCDEFGHIJKLMNOPQA
B
C
D
E
F
G
H
I
J
K
L
ABCDEFGHIJKLMNOPQA
B
C
D
E
F
G
H
I
J
K
L
M
ABCDEFGHIJKLMNOPQA
B
C
D
E
F
G
H
I
J
K
L
M
N
ABCDEFGHIJKLMNOPQA
B
C
D
E
F
G
H
I
J
K
L
M
N
O
ABCDEFGHIJKLMNOPQA
B
C
D
E
F
G
H
I
J
K
L
M
N
O
P
ABCDEFGHIJKLMNOPQA
B
C
D
E
F
G
H
I
J
K
L
M
N
O
P
Q
ABCDEFGHIJKLMNOPQA
B
C
D
E
F
G
H
I
J
K
L
M
N
O
P
Q
R
ABCDEFGHIJKLMNOPQA
B
C
D
E
F
G
H
I
J
K
L
M
N
O
P
Q
R
S
ABCDEFGHIJKLMNOPQA
B
C
D
E
F
G
H
I
J
K
L
M
N
O
P
Q
R
S
T
ABCDEFGHIJKLMNOPQA
B
C
D
E
F
G
H
I
J
K
L
M
N
O
P
Q
R
S
T
U
ABCDEFGHIJKLMNOPQA
B
C
D
E
F
G
H
I
J
K
L
M
N
O
P
Q
R
S
T
U
V
ABCDEFGHIJKLMNOPQA
B
C
D
E
F
G
H
I
J
K
L
M
N
O
P
Q
R
S
T
U
V
W
ABCDEFGHIJKLMNOPQA
B
C
D
E
F
G
H
I
J
K
L
M
N
O
P
Q
R
S
T
U
V
W
X
ABCDEFGHIJKLMNOPQA
B
C
D
E
F
G
H
I
J
K
L
M
N
O
P
Q
R
S
T
U
V
W
X
Y
ABCDEFGHIJKLMNOPQA
B
C
D
E
F
G
H
I
J
K
L
M
N
O
P
Q
R
S
T
U
V
W
X
Y
Z
ABCDEFGHIJKLMNOPQRA
ABCDEFGHIJKLMNOPQRA
B
ABCDEFGHIJKLMNOPQRA
B
C
ABCDEFGHIJKLMNOPQRA
B
C
D
ABCDEFGHIJKLMNOPQRA
B
C
D
E
ABCDEFGHIJKLMNOPQRA
B
C
D
E
F
ABCDEFGHIJKLMNOPQRA
B
C
D
E
F
G
ABCDEFGHIJKLMNOPQRA
B
C
D
E
F
G
H
ABCDEFGHIJKLMNOPQRA
B
C
D
E
F
G
H
I
ABCDEFGHIJKLMNOPQRA
B
C
D
E
F
G
H
I
J
ABCDEFGHIJKLMNOPQRA
B
C
D
E
F
G
H
I
J
K
ABCDEFGHIJKLMNOPQRA
B
C
D
E
F
G
H
I
J
K
L
ABCDEFGHIJKLMNOPQRA
B
C
D
E
F
G
H
I
J
K
L
M
ABCDEFGHIJKLMNOPQRA
B
C
D
E
F
G
H
I
J
K
L
M
N
ABCDEFGHIJKLMNOPQRA
B
C
D
E
F
G
H
I
J
K
L
M
N
O
ABCDEFGHIJKLMNOPQRA
B
C
D
E
F
G
H
I
J
K
L
M
N
O
P
ABCDEFGHIJKLMNOPQRA
B
C
D
E
F
G
H
I
J
K
L
M
N
O
P
Q
ABCDEFGHIJKLMNOPQRA
B
C
D
E
F
G
H
I
J
K
L
M
N
O
P
Q
R
ABCDEFGHIJKLMNOPQRA
B
C
D
E
F
G
H
I
J
K
L
M
N
O
P
Q
R
S
ABCDEFGHIJKLMNOPQRA
B
C
D
E
F
G
H
I
J
K
L
M
N
O
P
Q
R
S
T
ABCDEFGHIJKLMNOPQRA
B
C
D
E
F
G
H
I
J
K
L
M
N
O
P
Q
R
S
T
U
ABCDEFGHIJKLMNOPQRA
B
C
D
E
F
G
H
I
J
K
L
M
N
O
P
Q
R
S
T
U
V
ABCDEFGHIJKLMNOPQRA
B
C
D
E
F
G
H
I
J
K
L
M
N
O
P
Q
R
S
T
U
V
W
ABCDEFGHIJKLMNOPQRA
B
C
D
E
F
G
H
I
J
K
L
M
N
O
P
Q
R
S
T
U
V
W
X
ABCDEFGHIJKLMNOPQRA
B
C
D
E
F
G
H
I
J
K
L
M
N
O
P
Q
R
S
T
U
V
W
X
Y
ABCDEFGHIJKLMNOPQRA
B
C
D
E
F
G
H
I
J
K
L
M
N
O
P
Q
R
S
T
U
V
W
X
Y
Z
ABCDEFGHIJKLMNOPQRSA
ABCDEFGHIJKLMNOPQRSA
B
ABCDEFGHIJKLMNOPQRSA
B
C
ABCDEFGHIJKLMNOPQRSA
B
C
D
ABCDEFGHIJKLMNOPQRSA
B
C
D
E
ABCDEFGHIJKLMNOPQRSA
B
C
D
E
F
ABCDEFGHIJKLMNOPQRSA
B
C
D
E
F
G
ABCDEFGHIJKLMNOPQRSA
B
C
D
E
F
G
H
ABCDEFGHIJKLMNOPQRSA
B
C
D
E
F
G
H
I
ABCDEFGHIJKLMNOPQRSA
B
C
D
E
F
G
H
I
J
ABCDEFGHIJKLMNOPQRSA
B
C
D
E
F
G
H
I
J
K
ABCDEFGHIJKLMNOPQRSA
B
C
D
E
F
G
H
I
J
K
L
ABCDEFGHIJKLMNOPQRSA
B
C
D
E
F
G
H
I
J
K
L
M
ABCDEFGHIJKLMNOPQRSA
B
C
D
E
F
G
H
I
J
K
L
M
N
ABCDEFGHIJKLMNOPQRSA
B
C
D
E
F
G
H
I
J
K
L
M
N
O
ABCDEFGHIJKLMNOPQRSA
B
C
D
E
F
G
H
I
J
K
L
M
N
O
P
ABCDEFGHIJKLMNOPQRSA
B
C
D
E
F
G
H
I
J
K
L
M
N
O
P
Q
ABCDEFGHIJKLMNOPQRSA
B
C
D
E
F
G
H
I
J
K
L
M
N
O
P
Q
R
ABCDEFGHIJKLMNOPQRSA
B
C
D
E
F
G
H
I
J
K
L
M
N
O
P
Q
R
S
ABCDEFGHIJKLMNOPQRSA
B
C
D
E
F
G
H
I
J
K
L
M
N
O
P
Q
R
S
T
ABCDEFGHIJKLMNOPQRSA
B
C
D
E
F
G
H
I
J
K
L
M
N
O
P
Q
R
S
T
U
ABCDEFGHIJKLMNOPQRSA
B
C
D
E
F
G
H
I
J
K
L
M
N
O
P
Q
R
S
T
U
V
ABCDEFGHIJKLMNOPQRSA
B
C
D
E
F
G
H
I
J
K
L
M
N
O
P
Q
R
S
T
U
V
W
ABCDEFGHIJKLMNOPQRSA
B
C
D
E
F
G
H
I
J
K
L
M
N
O
P
Q
R
S
T
U
V
W
X
ABCDEFGHIJKLMNOPQRSA
B
C
D
E
F
G
H
I
J
K
L
M
N
O
P
Q
R
S
T
U
V
W
X
Y
ABCDEFGHIJKLMNOPQRSA
B
C
D
E
F
G
H
I
J
K
L
M
N
O
P
Q
R
S
T
U
V
W
X
Y
Z
ABCDEFGHIJKLMNOPQRSTA
ABCDEFGHIJKLMNOPQRSTA
B
ABCDEFGHIJKLMNOPQRSTA
B
C
ABCDEFGHIJKLMNOPQRSTA
B
C
D
ABCDEFGHIJKLMNOPQRSTA
B
C
D
E
ABCDEFGHIJKLMNOPQRSTA
B
C
D
E
F
ABCDEFGHIJKLMNOPQRSTA
B
C
D
E
F
G
ABCDEFGHIJKLMNOPQRSTA
B
C
D
E
F
G
H
ABCDEFGHIJKLMNOPQRSTA
B
C
D
E
F
G
H
I
ABCDEFGHIJKLMNOPQRSTA
B
C
D
E
F
G
H
I
J
ABCDEFGHIJKLMNOPQRSTA
B
C
D
E
F
G
H
I
J
K
ABCDEFGHIJKLMNOPQRSTA
B
C
D
E
F
G
H
I
J
K
L
ABCDEFGHIJKLMNOPQRSTA
B
C
D
E
F
G
H
I
J
K
L
M
ABCDEFGHIJKLMNOPQRSTA
B
C
D
E
F
G
H
I
J
K
L
M
N
ABCDEFGHIJKLMNOPQRSTA
B
C
D
E
F
G
H
I
J
K
L
M
N
O
ABCDEFGHIJKLMNOPQRSTA
B
C
D
E
F
G
H
I
J
K
L
M
N
O
P
ABCDEFGHIJKLMNOPQRSTA
B
C
D
E
F
G
H
I
J
K
L
M
N
O
P
Q
ABCDEFGHIJKLMNOPQRSTA
B
C
D
E
F
G
H
I
J
K
L
M
N
O
P
Q
R
ABCDEFGHIJKLMNOPQRSTA
B
C
D
E
F
G
H
I
J
K
L
M
N
O
P
Q
R
S
ABCDEFGHIJKLMNOPQRSTA
B
C
D
E
F
G
H
I
J
K
L
M
N
O
P
Q
R
S
T
ABCDEFGHIJKLMNOPQRSTA
B
C
D
E
F
G
H
I
J
K
L
M
N
O
P
Q
R
S
T
U
ABCDEFGHIJKLMNOPQRSTA
B
C
D
E
F
G
H
I
J
K
L
M
N
O
P
Q
R
S
T
U
V
ABCDEFGHIJKLMNOPQRSTA
B
C
D
E
F
G
H
I
J
K
L
M
N
O
P
Q
R
S
T
U
V
W
ABCDEFGHIJKLMNOPQRSTA
B
C
D
E
F
G
H
I
J
K
L
M
N
O
P
Q
R
S
T
U
V
W
X
ABCDEFGHIJKLMNOPQRSTA
B
C
D
E
F
G
H
I
J
K
L
M
N
O
P
Q
R
S
T
U
V
W
X
Y
ABCDEFGHIJKLMNOPQRSTA
B
C
D
E
F
G
H
I
J
K
L
M
N
O
P
Q
R
S
T
U
V
W
X
Y
Z
ABCDEFGHIJKLMNOPQRSTUA
ABCDEFGHIJKLMNOPQRSTUA
B
ABCDEFGHIJKLMNOPQRSTUA
B
C
ABCDEFGHIJKLMNOPQRSTUA
B
C
D
ABCDEFGHIJKLMNOPQRSTUA
B
C
D
E
ABCDEFGHIJKLMNOPQRSTUA
B
C
D
E
F
ABCDEFGHIJKLMNOPQRSTUA
B
C
D
E
F
G
ABCDEFGHIJKLMNOPQRSTUA
B
C
D
E
F
G
H
ABCDEFGHIJKLMNOPQRSTUA
B
C
D
E
F
G
H
I
ABCDEFGHIJKLMNOPQRSTUA
B
C
D
E
F
G
H
I
J
ABCDEFGHIJKLMNOPQRSTUA
B
C
D
E
F
G
H
I
J
K
ABCDEFGHIJKLMNOPQRSTUA
B
C
D
E
F
G
H
I
J
K
L
ABCDEFGHIJKLMNOPQRSTUA
B
C
D
E
F
G
H
I
J
K
L
M
ABCDEFGHIJKLMNOPQRSTUA
B
C
D
E
F
G
H
I
J
K
L
M
N
ABCDEFGHIJKLMNOPQRSTUA
B
C
D
E
F
G
H
I
J
K
L
M
N
O
ABCDEFGHIJKLMNOPQRSTUA
B
C
D
E
F
G
H
I
J
K
L
M
N
O
P
ABCDEFGHIJKLMNOPQRSTUA
B
C
D
E
F
G
H
I
J
K
L
M
N
O
P
Q
ABCDEFGHIJKLMNOPQRSTUA
B
C
D
E
F
G
H
I
J
K
L
M
N
O
P
Q
R
ABCDEFGHIJKLMNOPQRSTUA
B
C
D
E
F
G
H
I
J
K
L
M
N
O
P
Q
R
S
ABCDEFGHIJKLMNOPQRSTUA
B
C
D
E
F
G
H
I
J
K
L
M
N
O
P
Q
R
S
T
ABCDEFGHIJKLMNOPQRSTUA
B
C
D
E
F
G
H
I
J
K
L
M
N
O
P
Q
R
S
T
U
ABCDEFGHIJKLMNOPQRSTUA
B
C
D
E
F
G
H
I
J
K
L
M
N
O
P
Q
R
S
T
U
V
ABCDEFGHIJKLMNOPQRSTUA
B
C
D
E
F
G
H
I
J
K
L
M
N
O
P
Q
R
S
T
U
V
W
ABCDEFGHIJKLMNOPQRSTUA
B
C
D
E
F
G
H
I
J
K
L
M
N
O
P
Q
R
S
T
U
V
W
X
ABCDEFGHIJKLMNOPQRSTUA
B
C
D
E
F
G
H
I
J
K
L
M
N
O
P
Q
R
S
T
U
V
W
X
Y
ABCDEFGHIJKLMNOPQRSTUA
B
C
D
E
F
G
H
I
J
K
L
M
N
O
P
Q
R
S
T
U
V
W
X
Y
Z
ABCDEFGHIJKLMNOPQRSTUVA
ABCDEFGHIJKLMNOPQRSTUVA
B
ABCDEFGHIJKLMNOPQRSTUVA
B
C
ABCDEFGHIJKLMNOPQRSTUVA
B
C
D
ABCDEFGHIJKLMNOPQRSTUVA
B
C
D
E
ABCDEFGHIJKLMNOPQRSTUVA
B
C
D
E
F
ABCDEFGHIJKLMNOPQRSTUVA
B
C
D
E
F
G
ABCDEFGHIJKLMNOPQRSTUVA
B
C
D
E
F
G
H
ABCDEFGHIJKLMNOPQRSTUVA
B
C
D
E
F
G
H
I
ABCDEFGHIJKLMNOPQRSTUVA
B
C
D
E
F
G
H
I
J
ABCDEFGHIJKLMNOPQRSTUVA
B
C
D
E
F
G
H
I
J
K
ABCDEFGHIJKLMNOPQRSTUVA
B
C
D
E
F
G
H
I
J
K
L
ABCDEFGHIJKLMNOPQRSTUVA
B
C
D
E
F
G
H
I
J
K
L
M
ABCDEFGHIJKLMNOPQRSTUVA
B
C
D
E
F
G
H
I
J
K
L
M
N
ABCDEFGHIJKLMNOPQRSTUVA
B
C
D
E
F
G
H
I
J
K
L
M
N
O
ABCDEFGHIJKLMNOPQRSTUVA
B
C
D
E
F
G
H
I
J
K
L
M
N
O
P
ABCDEFGHIJKLMNOPQRSTUVA
B
C
D
E
F
G
H
I
J
K
L
M
N
O
P
Q
ABCDEFGHIJKLMNOPQRSTUVA
B
C
D
E
F
G
H
I
J
K
L
M
N
O
P
Q
R
ABCDEFGHIJKLMNOPQRSTUVA
B
C
D
E
F
G
H
I
J
K
L
M
N
O
P
Q
R
S
ABCDEFGHIJKLMNOPQRSTUVA
B
C
D
E
F
G
H
I
J
K
L
M
N
O
P
Q
R
S
T
ABCDEFGHIJKLMNOPQRSTUVA
B
C
D
E
F
G
H
I
J
K
L
M
N
O
P
Q
R
S
T
U
ABCDEFGHIJKLMNOPQRSTUVA
B
C
D
E
F
G
H
I
J
K
L
M
N
O
P
Q
R
S
T
U
V
ABCDEFGHIJKLMNOPQRSTUVA
B
C
D
E
F
G
H
I
J
K
L
M
N
O
P
Q
R
S
T
U
V
W
ABCDEFGHIJKLMNOPQRSTUVA
B
C
D
E
F
G
H
I
J
K
L
M
N
O
P
Q
R
S
T
U
V
W
X
ABCDEFGHIJKLMNOPQRSTUVA
B
C
D
E
F
G
H
I
J
K
L
M
N
O
P
Q
R
S
T
U
V
W
X
Y
ABCDEFGHIJKLMNOPQRSTUVA
B
C
D
E
F
G
H
I
J
K
L
M
N
O
P
Q
R
S
T
U
V
W
X
Y
Z
ABCDEFGHIJKLMNOPQRSTUVWA
ABCDEFGHIJKLMNOPQRSTUVWA
B
ABCDEFGHIJKLMNOPQRSTUVWA
B
C
ABCDEFGHIJKLMNOPQRSTUVWA
B
C
D
ABCDEFGHIJKLMNOPQRSTUVWA
B
C
D
E
ABCDEFGHIJKLMNOPQRSTUVWA
B
C
D
E
F
ABCDEFGHIJKLMNOPQRSTUVWA
B
C
D
E
F
G
ABCDEFGHIJKLMNOPQRSTUVWA
B
C
D
E
F
G
H
ABCDEFGHIJKLMNOPQRSTUVWA
B
C
D
E
F
G
H
I
ABCDEFGHIJKLMNOPQRSTUVWA
B
C
D
E
F
G
H
I
J
ABCDEFGHIJKLMNOPQRSTUVWA
B
C
D
E
F
G
H
I
J
K
ABCDEFGHIJKLMNOPQRSTUVWA
B
C
D
E
F
G
H
I
J
K
L
ABCDEFGHIJKLMNOPQRSTUVWA
B
C
D
E
F
G
H
I
J
K
L
M
ABCDEFGHIJKLMNOPQRSTUVWA
B
C
D
E
F
G
H
I
J
K
L
M
N
ABCDEFGHIJKLMNOPQRSTUVWA
B
C
D
E
F
G
H
I
J
K
L
M
N
O
ABCDEFGHIJKLMNOPQRSTUVWA
B
C
D
E
F
G
H
I
J
K
L
M
N
O
P
ABCDEFGHIJKLMNOPQRSTUVWA
B
C
D
E
F
G
H
I
J
K
L
M
N
O
P
Q
ABCDEFGHIJKLMNOPQRSTUVWA
B
C
D
E
F
G
H
I
J
K
L
M
N
O
P
Q
R
ABCDEFGHIJKLMNOPQRSTUVWA
B
C
D
E
F
G
H
I
J
K
L
M
N
O
P
Q
R
S
ABCDEFGHIJKLMNOPQRSTUVWA
B
C
D
E
F
G
H
I
J
K
L
M
N
O
P
Q
R
S
T
ABCDEFGHIJKLMNOPQRSTUVWA
B
C
D
E
F
G
H
I
J
K
L
M
N
O
P
Q
R
S
T
U
ABCDEFGHIJKLMNOPQRSTUVWA
B
C
D
E
F
G
H
I
J
K
L
M
N
O
P
Q
R
S
T
U
V
ABCDEFGHIJKLMNOPQRSTUVWA
B
C
D
E
F
G
H
I
J
K
L
M
N
O
P
Q
R
S
T
U
V
W
ABCDEFGHIJKLMNOPQRSTUVWA
B
C
D
E
F
G
H
I
J
K
L
M
N
O
P
Q
R
S
T
U
V
W
X
ABCDEFGHIJKLMNOPQRSTUVWA
B
C
D
E
F
G
H
I
J
K
L
M
N
O
P
Q
R
S
T
U
V
W
X
Y
ABCDEFGHIJKLMNOPQRSTUVWA
B
C
D
E
F
G
H
I
J
K
L
M
N
O
P
Q
R
S
T
U
V
W
X
Y
Z
ABCDEFGHIJKLMNOPQRSTUVWXA
ABCDEFGHIJKLMNOPQRSTUVWXA
B
ABCDEFGHIJKLMNOPQRSTUVWXA
B
C
ABCDEFGHIJKLMNOPQRSTUVWXA
B
C
D
ABCDEFGHIJKLMNOPQRSTUVWXA
B
C
D
E
ABCDEFGHIJKLMNOPQRSTUVWXA
B
C
D
E
F
ABCDEFGHIJKLMNOPQRSTUVWXA
B
C
D
E
F
G
ABCDEFGHIJKLMNOPQRSTUVWXA
B
C
D
E
F
G
H
ABCDEFGHIJKLMNOPQRSTUVWXA
B
C
D
E
F
G
H
I
ABCDEFGHIJKLMNOPQRSTUVWXA
B
C
D
E
F
G
H
I
J
ABCDEFGHIJKLMNOPQRSTUVWXA
B
C
D
E
F
G
H
I
J
K
ABCDEFGHIJKLMNOPQRSTUVWXA
B
C
D
E
F
G
H
I
J
K
L
ABCDEFGHIJKLMNOPQRSTUVWXA
B
C
D
E
F
G
H
I
J
K
L
M
ABCDEFGHIJKLMNOPQRSTUVWXA
B
C
D
E
F
G
H
I
J
K
L
M
N
ABCDEFGHIJKLMNOPQRSTUVWXA
B
C
D
E
F
G
H
I
J
K
L
M
N
O
ABCDEFGHIJKLMNOPQRSTUVWXA
B
C
D
E
F
G
H
I
J
K
L
M
N
O
P
ABCDEFGHIJKLMNOPQRSTUVWXA
B
C
D
E
F
G
H
I
J
K
L
M
N
O
P
Q
ABCDEFGHIJKLMNOPQRSTUVWXA
B
C
D
E
F
G
H
I
J
K
L
M
N
O
P
Q
R
ABCDEFGHIJKLMNOPQRSTUVWXA
B
C
D
E
F
G
H
I
J
K
L
M
N
O
P
Q
R
S
ABCDEFGHIJKLMNOPQRSTUVWXA
B
C
D
E
F
G
H
I
J
K
L
M
N
O
P
Q
R
S
T
ABCDEFGHIJKLMNOPQRSTUVWXA
B
C
D
E
F
G
H
I
J
K
L
M
N
O
P
Q
R
S
T
U
ABCDEFGHIJKLMNOPQRSTUVWXA
B
C
D
E
F
G
H
I
J
K
L
M
N
O
P
Q
R
S
T
U
V
ABCDEFGHIJKLMNOPQRSTUVWXA
B
C
D
E
F
G
H
I
J
K
L
M
N
O
P
Q
R
S
T
U
V
W
ABCDEFGHIJKLMNOPQRSTUVWXA
B
C
D
E
F
G
H
I
J
K
L
M
N
O
P
Q
R
S
T
U
V
W
X
ABCDEFGHIJKLMNOPQRSTUVWXA
B
C
D
E
F
G
H
I
J
K
L
M
N
O
P
Q
R
S
T
U
V
W
X
Y
ABCDEFGHIJKLMNOPQRSTUVWXA
B
C
D
E
F
G
H
I
J
K
L
M
N
O
P
Q
R
S
T
U
V
W
X
Y
Z
ABCDEFGHIJKLMNOPQRSTUVWXYA
ABCDEFGHIJKLMNOPQRSTUVWXYA
B
ABCDEFGHIJKLMNOPQRSTUVWXYA
B
C
ABCDEFGHIJKLMNOPQRSTUVWXYA
B
C
D
ABCDEFGHIJKLMNOPQRSTUVWXYA
B
C
D
E
ABCDEFGHIJKLMNOPQRSTUVWXYA
B
C
D
E
F
ABCDEFGHIJKLMNOPQRSTUVWXYA
B
C
D
E
F
G
ABCDEFGHIJKLMNOPQRSTUVWXYA
B
C
D
E
F
G
H
ABCDEFGHIJKLMNOPQRSTUVWXYA
B
C
D
E
F
G
H
I
ABCDEFGHIJKLMNOPQRSTUVWXYA
B
C
D
E
F
G
H
I
J
ABCDEFGHIJKLMNOPQRSTUVWXYA
B
C
D
E
F
G
H
I
J
K
ABCDEFGHIJKLMNOPQRSTUVWXYA
B
C
D
E
F
G
H
I
J
K
L
ABCDEFGHIJKLMNOPQRSTUVWXYA
B
C
D
E
F
G
H
I
J
K
L
M
ABCDEFGHIJKLMNOPQRSTUVWXYA
B
C
D
E
F
G
H
I
J
K
L
M
N
ABCDEFGHIJKLMNOPQRSTUVWXYA
B
C
D
E
F
G
H
I
J
K
L
M
N
O
ABCDEFGHIJKLMNOPQRSTUVWXYA
B
C
D
E
F
G
H
I
J
K
L
M
N
O
P
ABCDEFGHIJKLMNOPQRSTUVWXYA
B
C
D
E
F
G
H
I
J
K
L
M
N
O
P
Q
ABCDEFGHIJKLMNOPQRSTUVWXYA
B
C
D
E
F
G
H
I
J
K
L
M
N
O
P
Q
R
ABCDEFGHIJKLMNOPQRSTUVWXYA
B
C
D
E
F
G
H
I
J
K
L
M
N
O
P
Q
R
S
ABCDEFGHIJKLMNOPQRSTUVWXYA
B
C
D
E
F
G
H
I
J
K
L
M
N
O
P
Q
R
S
T
ABCDEFGHIJKLMNOPQRSTUVWXYA
B
C
D
E
F
G
H
I
J
K
L
M
N
O
P
Q
R
S
T
U
ABCDEFGHIJKLMNOPQRSTUVWXYA
B
C
D
E
F
G
H
I
J
K
L
M
N
O
P
Q
R
S
T
U
V
ABCDEFGHIJKLMNOPQRSTUVWXYA
B
C
D
E
F
G
H
I
J
K
L
M
N
O
P
Q
R
S
T
U
V
W
ABCDEFGHIJKLMNOPQRSTUVWXYA
B
C
D
E
F
G
H
I
J
K
L
M
N
O
P
Q
R
S
T
U
V
W
X
ABCDEFGHIJKLMNOPQRSTUVWXYA
B
C
D
E
F
G
H
I
J
K
L
M
N
O
P
Q
R
S
T
U
V
W
X
Y
ABCDEFGHIJKLMNOPQRSTUVWXYA
B
C
D
E
F
G
H
I
J
K
L
M
N
O
P
Q
R
S
T
U
V
W
X
Y
Z
ABCDEFGHIJKLMNOPQRSTUVWXYZA
ABCDEFGHIJKLMNOPQRSTUVWXYZA
B
ABCDEFGHIJKLMNOPQRSTUVWXYZA
B
C
ABCDEFGHIJKLMNOPQRSTUVWXYZA
B
C
D
ABCDEFGHIJKLMNOPQRSTUVWXYZA
B
C
D
E
ABCDEFGHIJKLMNOPQRSTUVWXYZA
B
C
D
E
F
ABCDEFGHIJKLMNOPQRSTUVWXYZA
B
C
D
E
F
G
ABCDEFGHIJKLMNOPQRSTUVWXYZA
B
C
D
E
F
G
H
ABCDEFGHIJKLMNOPQRSTUVWXYZA
B
C
D
E
F
G
H
I
ABCDEFGHIJKLMNOPQRSTUVWXYZA
B
C
D
E
F
G
H
I
J
ABCDEFGHIJKLMNOPQRSTUVWXYZA
B
C
D
E
F
G
H
I
J
K
ABCDEFGHIJKLMNOPQRSTUVWXYZA
B
C
D
E
F
G
H
I
J
K
L
ABCDEFGHIJKLMNOPQRSTUVWXYZA
B
C
D
E
F
G
H
I
J
K
L
M
ABCDEFGHIJKLMNOPQRSTUVWXYZA
B
C
D
E
F
G
H
I
J
K
L
M
N
ABCDEFGHIJKLMNOPQRSTUVWXYZA
B
C
D
E
F
G
H
I
J
K
L
M
N
O
ABCDEFGHIJKLMNOPQRSTUVWXYZA
B
C
D
E
F
G
H
I
J
K
L
M
N
O
P
ABCDEFGHIJKLMNOPQRSTUVWXYZA
B
C
D
E
F
G
H
I
J
K
L
M
N
O
P
Q
ABCDEFGHIJKLMNOPQRSTUVWXYZA
B
C
D
E
F
G
H
I
J
K
L
M
N
O
P
Q
R
ABCDEFGHIJKLMNOPQRSTUVWXYZA
B
C
D
E
F
G
H
I
J
K
L
M
N
O
P
Q
R
S
ABCDEFGHIJKLMNOPQRSTUVWXYZA
B
C
D
E
F
G
H
I
J
K
L
M
N
O
P
Q
R
S
T
ABCDEFGHIJKLMNOPQRSTUVWXYZA
B
C
D
E
F
G
H
I
J
K
L
M
N
O
P
Q
R
S
T
U
ABCDEFGHIJKLMNOPQRSTUVWXYZA
B
C
D
E
F
G
H
I
J
K
L
M
N
O
P
Q
R
S
T
U
V
ABCDEFGHIJKLMNOPQRSTUVWXYZA
B
C
D
E
F
G
H
I
J
K
L
M
N
O
P
Q
R
S
T
U
V
W
ABCDEFGHIJKLMNOPQRSTUVWXYZA
B
C
D
E
F
G
H
I
J
K
L
M
N
O
P
Q
R
S
T
U
V
W
X
ABCDEFGHIJKLMNOPQRSTUVWXYZA
B
C
D
E
F
G
H
I
J
K
L
M
N
O
P
Q
R
S
T
U
V
W
X
Y
ABCDEFGHIJKLMNOPQRSTUVWXYZA
B
C
D
E
F
G
H
I
J
K
L
M
N
O
P
Q
R
S
T
U
V
W
X
Y
Z
